
ִלטענטי@Mitya MINGW32 ~
$ cd C:/Users/ִלטענטי/Desktop

ִלטענטי@Mitya MINGW32 ~/Desktop
$ git init
Initialized empty Git repository in C:/Users/ִלטענטי/Desktop/.git/

ִלטענטי@Mitya MINGW32 ~/Desktop (master)
$ cd C:/Users/ִלטענטי/Desktop/Git

ִלטענטי@Mitya MINGW32 ~/Desktop/Git
$ git init
Initialized empty Git repository in C:/Users/ִלטענטי/Desktop/Git/.git/

ִלטענטי@Mitya MINGW32 ~/Desktop/Git (master)
$ git status
On branch master

Initial commit

Untracked files:
  (use "git add <file>..." to include in what will be committed)

        NewGit.txt
        index.html

nothing added to commit but untracked files present (use "git add" to track)

ִלטענטי@Mitya MINGW32 ~/Desktop/Git (master)
$ ^C

ִלטענטי@Mitya MINGW32 ~/Desktop/Git (master)
$ git add .

ִלטענטי@Mitya MINGW32 ~/Desktop/Git (master)
$ git status
On branch master

Initial commit

Changes to be committed:
  (use "git rm --cached <file>..." to unstage)

        new file:   NewGit.txt
        new file:   index.html
Proverka
ֵשו נאח